// Jest Snapshot v1, https://goo.gl/fbAQLP

exports[`ContactMe renders correctly 1`] = `
<div
  data-testid="layout"
>
  <div
    data-testid="seo"
  />
  <div
    className="row"
  >
    <div
      className="col-md-8"
    >
      <h2>
        <Styled.code>
          Reach me via: 
        </Styled.code>
      </h2>
      <h4>
        <Styled.code>
          LinkedIn:
           
          <a
            href="linkedInUrl"
            target="_blank"
          >
            linkedInUrl
          </a>
        </Styled.code>
      </h4>
      <h4>
        <Styled.code>
          or Email: lsq991 at gmail dot com
        </Styled.code>
      </h4>
    </div>
  </div>
</div>
`;
