// Jest Snapshot v1, https://goo.gl/fbAQLP

exports[`Index renders correctly 1`] = `
<div
  data-testid="layout"
>
  <div
    data-testid="seo"
  />
  <div
    className="row home-page"
  >
    <div
      className="col-md-4"
    >
      <div
        style={
          Object {
            "marginBottom": "1.45rem",
            "maxWidth": "300px",
          }
        }
      >
        <div
          data-testid="image"
        />
      </div>
    </div>
    <div
      className="col-md-8"
    >
      <h2>
        <Styled.code>
          Hi people
        </Styled.code>
      </h2>
      <p>
        <Styled.code>
          Welcome to my profile site.
        </Styled.code>
      </p>
      <p>
        <Styled.code>
          I am a full stack developer.
        </Styled.code>
      </p>
      <p>
        <Styled.code>
          With many years of working experience with both frontend and backend web development, I am particularly interested Modular programming, Functional programming, lean programming, scalability, OOP, SQL, NOSQL, and Unit testing etc. I have a good eye for detail. I am also a a problem solver, a good team player and enjoying collaborating with others to produce good quality work.
        </Styled.code>
      </p>
    </div>
  </div>
</div>
`;
